// Jest Snapshot v1, https://goo.gl/fbAQLP

exports[`Signup test matches snapshot 1`] = `ShallowWrapper {}`;
