// Jest Snapshot v1, https://goo.gl/fbAQLP

exports[`test signup view should match the snapshot 1`] = `ShallowWrapper {}`;
