// Jest Snapshot v1, https://goo.gl/fbAQLP

exports[`SignupContainer test matches snapshot 1`] = `ShallowWrapper {}`;
