// Jest Snapshot v1, https://goo.gl/fbAQLP

exports[`OrdersView page test matches snapshot 1`] = `ShallowWrapper {}`;
