// Jest Snapshot v1, https://goo.gl/fbAQLP

exports[`Signin test matches snapshot 1`] = `ShallowWrapper {}`;
