// Jest Snapshot v1, https://goo.gl/fbAQLP

exports[`NavBar test matches snapshot 1`] = `ShallowWrapper {}`;
